#-----------------------------------------------------------
# Vivado v2026.1 (64-bit)
# SW Build 6511674 on Tue Jun 16 11:02:23 MDT 2026
# IP Build 6504888 on Tue Jun 09 09:05:25 MDT 2026
# SharedData Build 6501428 on Mon Jun 08 17:34:18 MDT 2026
# Start of session at: Mon Aug 31 22:04:41 2026
# Process ID         : 10656
# Current directory  : C:/Users/Ditiya/praktikum-sistem-tertanam-25090620019/Jobsheet-01/Jobsheet-01.runs/impl_1
# Command line       : vivado.exe -log led_switch_top.vdi -applog -product Vivado -messageDb vivado.pb -mode batch -source led_switch_top.tcl -notrace
# Log file           : C:/Users/Ditiya/praktikum-sistem-tertanam-25090620019/Jobsheet-01/Jobsheet-01.runs/impl_1/led_switch_top.vdi
# Journal file       : C:/Users/Ditiya/praktikum-sistem-tertanam-25090620019/Jobsheet-01/Jobsheet-01.runs/impl_1\vivado.jou
# Running On         : DESKTOP-1H1CRH2
# Platform           : Windows 11
# Operating System   : 26200
# Processor Detail   : Intel(R) Core(TM) i5-10210U CPU @ 1.60GHz
# CPU Frequency      : 2112 MHz
# CPU Physical cores : 4
# CPU Logical cores  : 8
# Host memory        : 8328 MB
# Swap memory        : 4822 MB
# Total Virtual      : 13151 MB
# Available Virtual  : 2646 MB
#-----------------------------------------------------------
source led_switch_top.tcl -notrace
